Command: C:\Program Files\nodejs\npm.cmd run build
Exit Code: 0

STDOUT:

> trustc-ui@0.1.0 build
> tsc && vite build

[36mvite v5.4.21 [32mbuilding for production...[36m[39m
transforming...
[32m✓[39m 1438 modules transformed.
rendering chunks...
computing gzip size...
[2mdist/[22m[32mindex.html                                            [39m[1m[2m  0.69 kB[22m[1m[22m[2m │ gzip:   0.39 kB[22m
[2mdist/[22m[32massets/ibm-plex-mono-latin-400-normal-CvHOgSBP.woff   [39m[1m[2m 13.14 kB[22m[1m[22m
[2mdist/[22m[32massets/ibm-plex-mono-latin-600-normal-DWFSQ4vo.woff   [39m[1m[2m 13.21 kB[22m[1m[22m
[2mdist/[22m[32massets/ibm-plex-mono-latin-400-normal-DMJ8VG8y.woff2  [39m[1m[2m 14.71 kB[22m[1m[22m
[2mdist/[22m[32massets/ibm-plex-mono-latin-600-normal-BgSNZQsw.woff2  [39m[1m[2m 15.62 kB[22m[1m[22m
[2mdist/[22m[32massets/ibm-plex-sans-latin-400-normal-CYLoc0-x.woff   [39m[1m[2m 22.10 kB[22m[1m[22m
[2mdist/[22m[32massets/ibm-plex-sans-latin-400-normal-CDDApCn2.woff2  [39m[1m[2m 22.59 kB[22m[1m[22m
[2mdist/[22m[32massets/ibm-plex-sans-latin-600-normal-Cu4Hd6ag.woff   [39m[1m[2m 23.88 kB[22m[1m[22m
[2mdist/[22m[32massets/ibm-plex-sans-latin-600-normal-CuJfVYMP.woff2  [39m[1m[2m 24.25 kB[22m[1m[22m
[2mdist/[22m[35massets/index-CJbncKWN.css                             [39m[1m[2m  2.58 kB[22m[1m[22m[2m │ gzip:   0.99 kB[22m
[2mdist/[22m[36massets/index-CXBo-EeR.js                              [39m[1m[2m 92.84 kB[22m[1m[22m[2m │ gzip:  19.81 kB[22m
[2mdist/[22m[36massets/vendor-Cxi_VyKz.js                             [39m[1m[2m141.49 kB[22m[1m[22m[2m │ gzip:  45.56 kB[22m
[2mdist/[22m[36massets/codemirror-ByUWjOLM.js                         [39m[1m[2m397.64 kB[22m[1m[22m[2m │ gzip: 129.79 kB[22m
[32m✓ built in 2.46s[39m

STDERR:

