[2026-10-09T23:09:54.089803+00:00] Starting Stage 7 Wheel Installation & Smoke Test
Repository Root: C:\Users\rama rao\OneDrive\Desktop\TrustC

--- Step 1: Building wheel with command: C:\Users\rama rao\OneDrive\Desktop\TrustC\.venv-win\Scripts\python.exe -m build --wheel --outdir C:\Users\rama rao\OneDrive\Desktop\TrustC\dist ---
PASS: Wheel built successfully: trustc-0.1.0-py3-none-any.whl (485939 bytes)

--- Step 2: Inspecting wheel archive contents ---
PASS: Archive contains all required Stage 4 templates: 6 templates verified
PASS: Archive contains all required resources (grammar size: 2517 bytes)

--- Step 3: Creating fresh virtualenv in C:\Users\RAMARA~1\AppData\Local\Temp\trustc_smoke_venv_rx63919s ---
PASS: Fresh virtualenv initialized at C:\Users\RAMARA~1\AppData\Local\Temp\trustc_smoke_venv_rx63919s

--- Step 4: Installing wheel: C:\Users\RAMARA~1\AppData\Local\Temp\trustc_smoke_venv_rx63919s\Scripts\python.exe -m pip install C:\Users\rama rao\OneDrive\Desktop\TrustC\dist\trustc-0.1.0-py3-none-any.whl[harness,server] ---
PASS: Wheel installed in fresh environment (12.317s)

--- Step 5: Verifying import isolation in C:\Users\RAMARA~1\AppData\Local\Temp\trustc_smoke_run_9g0wzere ---
Imported trustc module location: C:\Users\RAMARA~1\AppData\Local\Temp\trustc_smoke_venv_rx63919s\Lib\site-packages\trustc\__init__.py
PASS: Module verified imported from fresh virtualenv site-packages

--- Step 6: Testing installed `trustc parse` entrypoint on F2 and F4 ---
F2 run exit code: 0 (expected 0)
PASS: F2 parsed cleanly with specHash ef146324f68fb20e98d2a653e0ca31ad29690d6ce4a31cc9e11a05ad38502884
F4 run exit code: 2 (expected 2)
PASS: F4 structured error verified at line 23 column 25 without traceback

--- Step 6b: Testing installed `trustc check` entrypoint on F2 and F1 ---
Check F2 exit code: 0 (expected 0)
PASS: Installed trustc check F2 verified exit 0
Check F1 exit code: 1 (expected 1)
PASS: Installed trustc check F1 verified exit 1

--- Step 6c: Testing installed `trustc build` entrypoint on F2 ---
Build F2 exit code: 0 (expected 0)
PASS: Installed trustc build F2 verified exit 0 with all template assets

--- Step 6d: Testing installed `trustc attack` entrypoint on F2 ---
Attack F2 exit code: 0 (expected 0)
PASS: Installed trustc attack F2 verified exit 0 with 6 expected, 0 review, 0 unexpected (2.926s)

--- Step 6e: Testing installed `trustc serve --help` entrypoint ---
Serve help exit code: 0 (expected 0)
PASS: Installed trustc serve --help entrypoint verified

--- Step 6f: Testing installed `trustc serve` outside repository ---
PASS: /api/meta returned valid sessionId dd89123e-37eb-4ac5-9a8b-3b8bc3ef1561
PASS: /api/check verified cleanly via installed server
PASS: /api/build completed with buildId 09157442-f970-491c-9ec0-a3168646adfd
PASS: /api/builds/09157442-f970-491c-9ec0-a3168646adfd/out.zip verified (12 files)
PASS: Installed server verified outside repository (meta, check, build, download)

--- Step 7: Cleaning up test directories ---
PASS: Cleaned up temporary virtualenv and test run directory

[2026-10-09T23:10:23.221968+00:00] Stage 7 Wheel Installation & Smoke Test PASSED completely!
