Command: C:\Users\rama rao\OneDrive\Desktop\TrustC\.venv-win\Scripts\python.exe -m trustc.cli parse tests/fixtures/F4.trust
Exit Code: 2

STDOUT:

STDERR:
{
  "schemaVersion": 2,
  "specHash": "3811bfb2e8bce846f95ab75840c751de48b103c4ea5db2c76f9f4e0a97c6c946",
  "exitCode": 2,
  "specErrors": [
    {
      "kind": "syntax",
      "code": "PARSE_ERROR",
      "message": "Syntax error at line 23, column 25: unexpected '\n'. Expected: ':'",
      "span": {
        "line": 23,
        "col": 25,
        "endLine": 23,
        "endCol": 26
      },
      "snippet": "endpoint GET /trips/{id}"
    }
  ]
}

