[2026-10-09T15:44:26.962461+00:00] Starting Stage 6 Wheel Installation & Smoke Test
Repository Root: C:\Users\rama rao\OneDrive\Desktop\TrustC

--- Step 1: Building wheel with command: C:\Users\rama rao\OneDrive\Desktop\TrustC\.venv-win\Scripts\python.exe -m build --wheel --outdir C:\Users\rama rao\OneDrive\Desktop\TrustC\dist ---
PASS: Wheel built successfully: trustc-0.1.0-py3-none-any.whl (104374 bytes)

--- Step 2: Inspecting wheel archive contents ---
PASS: Archive contains all required Stage 4 templates: 6 templates verified
PASS: Archive contains all required resources (grammar size: 2517 bytes)

--- Step 3: Creating fresh virtualenv in C:\Users\RAMARA~1\AppData\Local\Temp\trustc_smoke_venv_wp3sbhv8 ---
PASS: Fresh virtualenv initialized at C:\Users\RAMARA~1\AppData\Local\Temp\trustc_smoke_venv_wp3sbhv8

--- Step 4: Installing wheel: C:\Users\RAMARA~1\AppData\Local\Temp\trustc_smoke_venv_wp3sbhv8\Scripts\python.exe -m pip install C:\Users\rama rao\OneDrive\Desktop\TrustC\dist\trustc-0.1.0-py3-none-any.whl[harness,server] ---
PASS: Wheel installed in fresh environment (8.982s)

--- Step 5: Verifying import isolation in C:\Users\RAMARA~1\AppData\Local\Temp\trustc_smoke_run_6ndwfsom ---
Imported trustc module location: C:\Users\RAMARA~1\AppData\Local\Temp\trustc_smoke_venv_wp3sbhv8\Lib\site-packages\trustc\__init__.py
PASS: Module verified imported from fresh virtualenv site-packages

--- Step 6: Testing installed `trustc parse` entrypoint on F2 and F4 ---
F2 run exit code: 0 (expected 0)
PASS: F2 parsed cleanly with specHash ef146324f68fb20e98d2a653e0ca31ad29690d6ce4a31cc9e11a05ad38502884
F4 run exit code: 2 (expected 2)
PASS: F4 structured error verified at line 23 column 25 without traceback

--- Step 6b: Testing installed `trustc check` entrypoint on F2 and F1 ---
Check F2 exit code: 0 (expected 0)
PASS: Installed trustc check F2 verified exit 0
Check F1 exit code: 1 (expected 1)
PASS: Installed trustc check F1 verified exit 1

--- Step 6c: Testing installed `trustc build` entrypoint on F2 ---
Build F2 exit code: 0 (expected 0)
PASS: Installed trustc build F2 verified exit 0 with all template assets

--- Step 6d: Testing installed `trustc attack` entrypoint on F2 ---
Attack F2 exit code: 0 (expected 0)
PASS: Installed trustc attack F2 verified exit 0 with 6 expected, 0 review, 0 unexpected (2.022s)

--- Step 6e: Testing installed `trustc serve --help` entrypoint ---
Serve help exit code: 0 (expected 0)
PASS: Installed trustc serve --help entrypoint verified

--- Step 6f: Testing installed `trustc serve` outside repository ---
PASS: /api/meta returned valid sessionId 8fba7ad2-3116-42a1-92fd-456b6aa4fe34
PASS: /api/check verified cleanly via installed server
PASS: /api/build completed with buildId e2bf9069-1b85-4825-b1d5-1e30e6642723
PASS: /api/builds/e2bf9069-1b85-4825-b1d5-1e30e6642723/out.zip verified (12 files)
PASS: Installed server verified outside repository (meta, check, build, download)

--- Step 7: Cleaning up test directories ---
PASS: Cleaned up temporary virtualenv and test run directory

[2026-10-09T15:44:47.779656+00:00] Stage 6 Wheel Installation & Smoke Test PASSED completely!
