Python 3.9.6
Package                  Version   Editable project location
------------------------ --------- --------------------------------------
annotated-types          0.7.0
anyio                    4.12.1
backports.asyncio.runner 1.2.0
certifi                  2026.7.22
dnspython                2.7.0
email-validator          2.3.0
exceptiongroup           1.3.1
h11                      0.16.0
httpcore                 1.0.9
httpx                    0.28.1
idna                     3.20
iniconfig                2.1.0
librt                    0.16.0
mypy                     1.19.1
mypy_extensions          1.1.0
packaging                26.3
pathspec                 1.1.1
pip                      26.0.1
pluggy                   1.6.0
pydantic                 2.13.5
pydantic_core            2.46.5
Pygments                 2.21.0
pytest                   8.4.2
pytest-asyncio           1.2.0
ruff                     0.16.10
setuptools               82.0.1
tomli                    2.4.1
trustc                   0.1.0     /Users/polasavishal1124/Desktop/TrustC
typing_extensions        4.16.0
typing-inspection        0.4.2
wheel                    0.48.0
